SEQUENCE_ID=fusion1_chr1_17232_*_chr1_17742
SEQUENCE_TEMPLATE=AGGTGACAGGGACCTGCAGGGGCAGCCAACAAGACCTTGTGTGCACCTCCCATGGGTGGAATAAGGGGCCCAACAGCCTTGACTGGAGAGGAGCTCTGGCAAGGCCCTGGGCCACTGCACCTGTCTCCACCTCTGTCCCACCCCTCCCACCCTGAGAGGGCCAGGATGGCCAAGGGATGGTGAATATTTGGTGCTGGGCCTAATCAGCTGCCATCCCATCCCAGTCAGCCTCCTCTGGGGGACAGAACCCTATGGTGGCCCCGGCTCCTCCCCAGTATCCAGTCCTCCTGGTGTGTGACAG
SEQUENCE_TARGET=149,1
PRIMER_NUM_RETURN=20
PRIMER_MIN_THREE_PRIME_DISTANCE=1
PRIMER_PRODUCT_SIZE_RANGE=50-180
PRIMER_MIN_TM=58
PRIMER_MAX_TM=60
PRIMER_OPT_TM=59
PRIMER_PAIR_MAX_DIFF_TM=2
PRIMER_MIN_GC=30
PRIMER_MAX_GC=80
PRIMER_OPT_GC_PERCENT=50
SEQUENCE_EXCLUDED_REGION=31,1 36,1 66,5 75,6 99,6 108,5 173,6 216,6
PRIMER_LEFT_EXPLAIN=considered 211, overlap excluded region 87, low tm 12, high tm 57, high hairpin stability 7, long poly-x seq 1, ok 1
PRIMER_RIGHT_EXPLAIN=considered 368, overlap excluded region 47, GC content failed 25, low tm 36, high tm 164, long poly-x seq 8, ok 20
PRIMER_PAIR_EXPLAIN=considered 2, unacceptable product size 1, primer in pair overlaps a primer in a better pair 20, ok 1
PRIMER_LEFT_NUM_RETURNED=1
PRIMER_RIGHT_NUM_RETURNED=1
PRIMER_INTERNAL_NUM_RETURNED=0
PRIMER_PAIR_NUM_RETURNED=1
PRIMER_PAIR_0_PENALTY=5.166828
PRIMER_LEFT_0_PENALTY=3.646931
PRIMER_RIGHT_0_PENALTY=1.519896
PRIMER_LEFT_0_SEQUENCE=CCTGTCTCCACCTCTGT
PRIMER_RIGHT_0_SEQUENCE=GCCCAGCACCAAATATTCA
PRIMER_LEFT_0=119,17
PRIMER_RIGHT_0=198,19
PRIMER_LEFT_0_TM=58.353
PRIMER_RIGHT_0_TM=59.520
PRIMER_LEFT_0_GC_PERCENT=58.824
PRIMER_RIGHT_0_GC_PERCENT=47.368
PRIMER_LEFT_0_SELF_ANY_TH=0.00
PRIMER_RIGHT_0_SELF_ANY_TH=0.00
PRIMER_LEFT_0_SELF_END_TH=0.00
PRIMER_RIGHT_0_SELF_END_TH=0.00
PRIMER_LEFT_0_HAIRPIN_TH=0.00
PRIMER_RIGHT_0_HAIRPIN_TH=0.00
PRIMER_LEFT_0_END_STABILITY=3.4100
PRIMER_RIGHT_0_END_STABILITY=2.5700
PRIMER_PAIR_0_COMPL_ANY_TH=0.00
PRIMER_PAIR_0_COMPL_END_TH=0.00
PRIMER_PAIR_0_PRODUCT_SIZE=80
PRIMER_PAIR_0_PRODUCT_TM=88.4
=
