fusion1	0	CCTGTCTCCACCTCTGT	GCCCAGCACCAAATATTCA	119	17	198	19	58.353	59.520	58.824	47.368	CCTGTCTCCACCTCTGTCCCACCCCTCCCACCCTGAGAGGGCCAGGATGGCCAAGGGATGGTGAATATTTGGTGCTGGGC	PASS
